  [molhiv-train] 32898 compounds, 1232 HIV-active (3.7%)  [skipped 3 unparseable]
  [molhiv-valid] 4111 compounds, 81 HIV-active (2.0%)  [skipped 2 unparseable]
  [molhiv-test] 4111 compounds, 130 HIV-active (3.2%)  [skipped 2 unparseable]
CONTROL: UNTRAINED backbone (seed 100), checkpoint ignored
  blocks: pooled(128)
  blocks: pooled(128)
  blocks: pooled(128)

Balanced concat | RF 1000 trees x 10 seeds
====================================================================================
  features                                 dim         test AUC      ens    VALID
  morgan 512 [mf=sqrt]                     512 0.7974 +/- 0.0034   0.7993   0.8260
  morgan 512 [mf=0.1]                      512 0.7898 +/- 0.0047   0.7911   0.8206
  morgan 1024 [mf=sqrt]                   1024 0.8055 +/- 0.0034   0.8073   0.8440
  morgan 1024 [mf=0.1]                    1024 0.8032 +/- 0.0041   0.8048   0.8453
  embed PCA-16 alone                        16 0.6808 +/- 0.0029   0.6822   0.6707
  embed PCA-32 alone                        32 0.6811 +/- 0.0032   0.6819   0.7536
  embed PCA-64 alone                        64 0.6770 +/- 0.0037   0.6776   0.7763
  --------------------------------------------------------------------------------
  morgan 512 + embed PCA-16 [mf=sqrt]      528 0.7934 +/- 0.0045   0.7957   0.8217
                                               delta vs morgan alone: -0.0041
  morgan 512 + embed PCA-16 [mf=0.1]       528 0.7911 +/- 0.0029   0.7926   0.8158
                                               delta vs morgan alone: +0.0013
  morgan 512 + embed PCA-32 [mf=sqrt]      544 0.7820 +/- 0.0064   0.7835   0.8193
                                               delta vs morgan alone: -0.0154
  morgan 512 + embed PCA-32 [mf=0.1]       544 0.7731 +/- 0.0040   0.7747   0.8207
                                               delta vs morgan alone: -0.0167
  morgan 512 + embed PCA-64 [mf=sqrt]      576 0.7675 +/- 0.0037   0.7690   0.8212
                                               delta vs morgan alone: -0.0300
  morgan 512 + embed PCA-64 [mf=0.1]       576 0.7622 +/- 0.0075   0.7642   0.8195
                                               delta vs morgan alone: -0.0276
  morgan 1024 + embed PCA-16 [mf=sqrt]    1040 0.8144 +/- 0.0037   0.8170   0.8393
                                               delta vs morgan alone: +0.0089
  morgan 1024 + embed PCA-16 [mf=0.1]     1040 0.8110 +/- 0.0040   0.8128   0.8362
                                               delta vs morgan alone: +0.0077
  morgan 1024 + embed PCA-32 [mf=sqrt]    1056 0.7991 +/- 0.0042   0.8011   0.8325
                                               delta vs morgan alone: -0.0064
  morgan 1024 + embed PCA-32 [mf=0.1]     1056 0.8002 +/- 0.0042   0.8020   0.8362
                                               delta vs morgan alone: -0.0031
  morgan 1024 + embed PCA-64 [mf=sqrt]    1088 0.7908 +/- 0.0031   0.7933   0.8414
                                               delta vs morgan alone: -0.0147
  morgan 1024 + embed PCA-64 [mf=0.1]     1088 0.7907 +/- 0.0040   0.7924   0.8418
                                               delta vs morgan alone: -0.0126

  VALID-SELECTED cell: morgan 1024 + embed PCA-64 [mf=0.1]
    valid 0.8418  ->  TEST 0.7907 (ens 0.7924)
    its morgan-alone baseline: test 0.8032 (valid 0.8453)
    honest delta = -0.0126

  paired bootstrap:  uv run python scripts/paired_bootstrap_auc.py \
      --ours logs/concat_randinit_c1024_64_0.1.npz --other logs/concat_randinit_morgan1024_0.1.npz
